// Jest Snapshot v1, https://goo.gl/fbAQLP

exports[`MovieOverview Snapshot Should MovieOverview render correctly 1`] = `
Array [
  <div
    className="movie-rating"
  >
    <div
      className="movie-rating__score"
    >
      6,4
    </div>
    <p
      className="movie-rating__meta"
    >
      <span
        className="movie-rating__level"
      >
        Good
      </span>
      <span
        className="movie-rating__count"
      >
        240
         ratings
      </span>
    </p>
  </div>,
  <div
    className="movie-card__text"
  >
    <p>
      Movie description
    </p>
    <p
      className="movie-card__director"
    >
      <strong>
        Director: 
        Movie director
      </strong>
    </p>
    <p
      className="movie-card__starring"
    >
      <strong>
        Starring: 
        Movie starring
         and other
      </strong>
    </p>
  </div>,
]
`;
