// Jest Snapshot v1, https://goo.gl/fbAQLP

exports[`MoviePage Snapshot Should movie page render correctly 1`] = `
Array [
  <section
    className="movie-card movie-card--full"
  >
    <div
      className="movie-card__hero"
    >
      <div
        className="movie-card__bg"
      >
        <img
          alt="The movie"
          src="img/movie.jpg"
        />
      </div>
      <h1
        className="visually-hidden"
      >
        WTW
      </h1>
      <header
        className="page-header movie-card__head"
      >
        <div
          className="logo"
        >
          <a
            className="logo__link"
            href="/"
            onClick={[Function]}
          >
            <span
              className="logo__letter logo__letter--1"
            >
              W
            </span>
            <span
              className="logo__letter logo__letter--2"
            >
              T
            </span>
            <span
              className="logo__letter logo__letter--3"
            >
              W
            </span>
          </a>
        </div>
        <div
          className="user-block"
        >
          <a
            className="user-block__link"
            href="/login"
            onClick={[Function]}
          >
            Sign in
          </a>
        </div>
      </header>
      <div
        className="movie-card__wrap"
      >
        <div
          className="movie-card__desc"
        >
          <h2
            className="movie-card__title"
          >
            The movie
          </h2>
          <p
            className="movie-card__meta"
          >
            <span
              className="movie-card__genre"
            >
              Drama
            </span>
            <span
              className="movie-card__year"
            >
              2014
            </span>
          </p>
          <div
            className="movie-card__buttons"
          >
            <a
              className="btn btn--play movie-card__button"
              href="/player/1"
              onClick={[Function]}
              type="button"
            >
              <svg
                height="19"
                viewBox="0 0 19 19"
                width="19"
              >
                <use
                  xlinkHref="#play-s"
                />
              </svg>
              <span>
                Play
              </span>
            </a>
            <button
              className="btn btn--list movie-card__button"
              onClick={[Function]}
              type="button"
            >
              <svg
                height="20"
                viewBox="0 0 19 20"
                width="19"
              >
                <use
                  xlinkHref="#add"
                />
              </svg>
              <span>
                My list
              </span>
            </button>
            <a
              className="btn movie-card__button"
              href="/films/1/review"
              onClick={[Function]}
            >
              Add review
            </a>
          </div>
        </div>
      </div>
    </div>
    <div
      className="movie-card__wrap movie-card__translate-top"
    >
      <div
        className="movie-card__info"
      >
        <div
          className="movie-card__poster movie-card__poster--big"
        >
          <img
            alt="The movie"
            height="327"
            src="img/movie-poster-big.jpg"
            width="218"
          />
        </div>
        <div
          className="movie-card__desc"
        >
          <div
            className="movie-rating"
          >
            <div
              className="movie-rating__score"
            >
              8,9
            </div>
            <p
              className="movie-rating__meta"
            >
              <span
                className="movie-rating__level"
              >
                Very good
              </span>
              <span
                className="movie-rating__count"
              >
                240
                 ratings
              </span>
            </p>
          </div>
          <div
            className="movie-card__text"
          >
            <p>
              Movie description
            </p>
            <p
              className="movie-card__director"
            >
              <strong>
                Director: 
                Movie director
              </strong>
            </p>
            <p
              className="movie-card__starring"
            >
              <strong>
                Starring: 
                Bill Murray, Edward Norton, Jude Law, Willem Dafoe
                 and other
              </strong>
            </p>
          </div>
        </div>
      </div>
    </div>
  </section>,
  <div
    className="page-content"
  >
    <section
      className="catalog catalog--like-this"
    >
      <h2
        className="catalog__title"
      >
        More like this
      </h2>
      <div
        className="catalog__movies-list"
      >
        <article
          className="small-movie-card catalog__movies-card"
          onMouseEnter={[Function]}
          onMouseLeave={[Function]}
        >
          <a
            href="/films/3"
            onClick={[Function]}
          >
            <div
              className="small-movie-card__image"
            >
              <video
                className="player__video"
                poster="img/macbeth.jpg"
                src="https://download.blender.org/durian/trailer/sintel_trailer-480p.mp4"
              />
              <img
                alt="Macbeth"
                height="175"
                src="img/macbeth.jpg"
                width="280"
              />
            </div>
          </a>
          <h3
            className="small-movie-card__title"
          >
            <a
              className="small-movie-card__link"
              href="/films/3"
              onClick={[Function]}
            >
              Macbeth
            </a>
          </h3>
        </article>
        <article
          className="small-movie-card catalog__movies-card"
          onMouseEnter={[Function]}
          onMouseLeave={[Function]}
        >
          <a
            href="/films/4"
            onClick={[Function]}
          >
            <div
              className="small-movie-card__image"
            >
              <video
                className="player__video"
                poster="img/aviator.jpg"
                src="https://upload.wikimedia.org/wikipedia/commons/transcoded/b/b3/Big_Buck_Bunny_Trailer_400p.ogv/Big_Buck_Bunny_Trailer_400p.ogv.360p.webm"
              />
              <img
                alt="Aviator"
                height="175"
                src="img/aviator.jpg"
                width="280"
              />
            </div>
          </a>
          <h3
            className="small-movie-card__title"
          >
            <a
              className="small-movie-card__link"
              href="/films/4"
              onClick={[Function]}
            >
              Aviator
            </a>
          </h3>
        </article>
        <article
          className="small-movie-card catalog__movies-card"
          onMouseEnter={[Function]}
          onMouseLeave={[Function]}
        >
          <a
            href="/films/5"
            onClick={[Function]}
          >
            <div
              className="small-movie-card__image"
            >
              <video
                className="player__video"
                poster="img/we-need-to-talk-about-kevin.jpg"
                src="https://download.blender.org/durian/trailer/sintel_trailer-480p.mp4"
              />
              <img
                alt="We need to talk about Kevin"
                height="175"
                src="img/we-need-to-talk-about-kevin.jpg"
                width="280"
              />
            </div>
          </a>
          <h3
            className="small-movie-card__title"
          >
            <a
              className="small-movie-card__link"
              href="/films/5"
              onClick={[Function]}
            >
              We need to talk about Kevin
            </a>
          </h3>
        </article>
        <article
          className="small-movie-card catalog__movies-card"
          onMouseEnter={[Function]}
          onMouseLeave={[Function]}
        >
          <a
            href="/films/7"
            onClick={[Function]}
          >
            <div
              className="small-movie-card__image"
            >
              <video
                className="player__video"
                poster="img/revenant.jpg"
                src="https://download.blender.org/durian/trailer/sintel_trailer-480p.mp4"
              />
              <img
                alt="Revenant"
                height="175"
                src="img/revenant.jpg"
                width="280"
              />
            </div>
          </a>
          <h3
            className="small-movie-card__title"
          >
            <a
              className="small-movie-card__link"
              href="/films/7"
              onClick={[Function]}
            >
              Revenant
            </a>
          </h3>
        </article>
      </div>
    </section>
    <footer
      className="page-footer"
    >
      <div
        className="logo"
      >
        <a
          className="logo__link logo__link--light"
          href="/"
          onClick={[Function]}
        >
          <span
            className="logo__letter logo__letter--1"
          >
            W
          </span>
          <span
            className="logo__letter logo__letter--2"
          >
            T
          </span>
          <span
            className="logo__letter logo__letter--3"
          >
            W
          </span>
        </a>
      </div>
      <div
        className="copyright"
      >
        <p>
          Â© 2019 What to watch Ltd.
        </p>
      </div>
    </footer>
  </div>,
]
`;
